BL51 BANKED LINKER/LOCATER V6.22                                                        04/26/2019  20:30:05  PAGE 1


BL51 BANKED LINKER/LOCATER V6.22, INVOKED BY:
C:\KEIL_V5\C51\BIN\BL51.EXE .\Objects\test.obj, .\Objects\includes.obj, .\Objects\STARTUP.obj TO .\Objects\test PRINT (.
>> \Listings\test.m51) DISABLEWARNING (16) CODE (0X0000-0X0FFF) XDATA (0X0000-0X03FF)


MEMORY MODEL: COMPACT


INPUT MODULES INCLUDED:
  .\Objects\test.obj (TEST)
  .\Objects\includes.obj (INCLUDES)
  .\Objects\STARTUP.obj (?C_STARTUP)
  C:\KEIL_V5\C51\LIB\C51C.LIB (?C?ULDIV)
  C:\KEIL_V5\C51\LIB\C51C.LIB (?C?ULCMP)
  C:\KEIL_V5\C51\LIB\C51C.LIB (?C?LLDIDATA)
  C:\KEIL_V5\C51\LIB\C51C.LIB (?C?LLDIDATA0)
  C:\KEIL_V5\C51\LIB\C51C.LIB (?C?LSTIDATA)
  C:\KEIL_V5\C51\LIB\C51C.LIB (?C?LSTPDATA)
  C:\KEIL_V5\C51\LIB\C51C.LIB (?C?ICALL)
  C:\KEIL_V5\C51\LIB\C51C.LIB (?C?LIMUL)


LINK MAP OF MODULE:  .\Objects\test (TEST)


            TYPE    BASE      LENGTH    RELOCATION   SEGMENT NAME
            -----------------------------------------------------

            * * * * * * *   D A T A   M E M O R Y   * * * * * * *
            REG     0000H     0008H     ABSOLUTE     "REG BANK 0"
            IDATA   0008H     0060H     UNIT         ?ID?INCLUDES

            * * * * * * *  X D A T A   M E M O R Y  * * * * * * *
            XDATA   0000H     0006H     INPAGE       ?PD?_TIMERSTART?INCLUDES
            XDATA   0006H     000CH     INPAGE       ?PD?INCLUDES
            XDATA   0012H     000AH     INPAGE       _PDATA_GROUP_

            * * * * * * *   C O D E   M E M O R Y   * * * * * * *
            CODE    0000H     0003H     ABSOLUTE     
                    0003H     0008H                  *** GAP ***
            CODE    000BH     0003H     ABSOLUTE     
                    000EH     000DH                  *** GAP ***
            CODE    001BH     0003H     ABSOLUTE     
                    001EH     07E2H                  *** GAP ***
            CODE    0800H     0143H     UNIT         ?C?LIB_CODE
            CODE    0943H     00EAH     INBLOCK      ?PR?_TIMERSTART?INCLUDES
            CODE    0A2DH     00BBH     INBLOCK      ?PR?BASICTIMERTICK?INCLUDES
            CODE    0AE8H     00A1H     INBLOCK      ?PR?IDLEPROCESS?INCLUDES
            CODE    0B89H     0092H     INBLOCK      ?PR?_GPIOWRITEPIN?INCLUDES
            CODE    0C1BH     0090H     INBLOCK      ?PR?_BASICTIMERADD?INCLUDES
            CODE    0CABH     005DH     INBLOCK      ?PR?TIMER0INTERRUPT?INCLUDES
            CODE    0D08H     0052H     INBLOCK      ?PR?TIMER1INTERRUPT?INCLUDES
            CODE    0D5AH     004AH     INBLOCK      ?PR?_GPIOREADPIN?INCLUDES
            CODE    0DA4H     002CH     INBLOCK      ?PR?BASICTIMERINIT?INCLUDES
            CODE    0DD0H     0023H     INBLOCK      ?PR?MAIN?TEST
            CODE    0DF3H     001DH     INBLOCK      ?PR?_GPIOWRITE?INCLUDES
            CODE    0E10H     001BH     INBLOCK      ?PR?_GPIOREAD?INCLUDES
            CODE    0E2BH     0011H     INBLOCK      ?PR?_BASICTIMERDEL?INCLUDES
BL51 BANKED LINKER/LOCATER V6.22                                                      04/26/2019  20:30:05  PAGE 2


            CODE    0E3CH     0010H     INBLOCK      ?PR?TIMERINIT?INCLUDES
            CODE    0E4CH     000FH     INBLOCK      ?PR?SYSTEMINIT?INCLUDES
            CODE    0E5BH     000DH     INBLOCK      ?PR?_TIMERSTOP?INCLUDES
            CODE    0E68H     000CH     UNIT         ?C_C51STARTUP
            CODE    0E74H     0003H     INBLOCK      ?PR?FLASH?TEST
            CODE    0E77H     0001H     INBLOCK      ?PR?MIDDLEWAREINIT?INCLUDES
            CODE    0E78H     0001H     INBLOCK      ?PR?DRIVERINIT?INCLUDES
            CODE    0E79H     0001H     INBLOCK      ?PR?DRIVERDEINIT?INCLUDES
            CODE    0E7AH     0001H     INBLOCK      ?PR?GPIOINIT?INCLUDES



OVERLAY MAP OF MODULE:   .\Objects\test (TEST)


SEGMENT                                PDATA_GROUP
  +--> CALLED SEGMENT                START    LENGTH
----------------------------------------------------
?PR?TIMER0INTERRUPT?INCLUDES         -----    -----
  +--> ?PR?BASICTIMERTICK?INCLUDES

?PR?BASICTIMERTICK?INCLUDES          0012H    0001H

*** NEW ROOT ***************************************************

?C_C51STARTUP                        -----    -----
  +--> ?PR?MAIN?TEST

?PR?MAIN?TEST                        -----    -----
  +--> ?PR?SYSTEMINIT?INCLUDES
  +--> ?PR?FLASH?TEST
  +--> ?PR?_BASICTIMERADD?INCLUDES
  +--> ?PR?IDLEPROCESS?INCLUDES

?PR?SYSTEMINIT?INCLUDES              -----    -----
  +--> ?PR?GPIOINIT?INCLUDES
  +--> ?PR?TIMERINIT?INCLUDES
  +--> ?PR?BASICTIMERINIT?INCLUDES
  +--> ?PR?DRIVERINIT?INCLUDES
  +--> ?PR?MIDDLEWAREINIT?INCLUDES

?PR?_BASICTIMERADD?INCLUDES          0013H    0009H

?PR?IDLEPROCESS?INCLUDES             0013H    0001H



IGNORED SEGMENTS:
   ?STACK



SYMBOL TABLE OF MODULE:  .\Objects\test (TEST)

  VALUE           TYPE          NAME
  ----------------------------------

BL51 BANKED LINKER/LOCATER V6.22                                                      04/26/2019  20:30:05  PAGE 3


  -------         MODULE        TEST
  C:0000H         SYMBOL        _ICE_DUMMY_
  D:0080H         PUBLIC        P0
  D:0090H         PUBLIC        P1
  D:00B0H         PUBLIC        P3
  B:0080H.0       PUBLIC        LED1
  D:00A8H         PUBLIC        IE
  C:0E74H         PUBLIC        flash
  D:00B8H         PUBLIC        IP
  C:0DD0H         PUBLIC        main
  D:0098H         PUBLIC        SCON
  D:0088H         PUBLIC        TCON
  D:00C8H         PUBLIC        T2CON
  D:00D0H         PUBLIC        PSW
  -------         PROC          FLASH
  C:0E74H         LINE#         5
  C:0E74H         LINE#         6
  C:0E74H         LINE#         7
  C:0E76H         LINE#         8
  -------         ENDPROC       FLASH
  -------         PROC          MAIN
  C:0DD0H         LINE#         10
  C:0DD0H         LINE#         11
  C:0DD0H         LINE#         12
  C:0DD3H         LINE#         13
  C:0DEEH         LINE#         14
  C:0DEEH         LINE#         15
  C:0DEEH         LINE#         16
  C:0DF1H         LINE#         17
  -------         ENDPROC       MAIN
  -------         ENDMOD        TEST

  -------         MODULE        INCLUDES
  C:0000H         SYMBOL        _ICE_DUMMY_
  D:0080H         PUBLIC        P0
  C:0E2BH         PUBLIC        _BasicTimerDel
  C:0DA4H         PUBLIC        BasicTimerInit
  D:0090H         PUBLIC        P1
  D:00A0H         PUBLIC        P2
  D:00B0H         PUBLIC        P3
  C:0E78H         PUBLIC        DriverInit
  C:0CABH         PUBLIC        Timer0Interrupt
  C:0D08H         PUBLIC        Timer1Interrupt
  D:00A8H         PUBLIC        IE
  C:0943H         PUBLIC        _TimerStart
  D:00B8H         PUBLIC        IP
  C:0E3CH         PUBLIC        TimerInit
  C:0E77H         PUBLIC        MiddlewareInit
  C:0E4CH         PUBLIC        SystemInit
  C:0E5BH         PUBLIC        _TimerStop
  X:0006H         PUBLIC        GPIOOutPutMode
  C:0E10H         PUBLIC        _GPIORead
  C:0E79H         PUBLIC        DriverDeInit
  D:0098H         PUBLIC        SCON
  D:0089H         PUBLIC        TMOD
  D:0088H         PUBLIC        TCON
  C:0DF3H         PUBLIC        _GPIOWrite
BL51 BANKED LINKER/LOCATER V6.22                                                      04/26/2019  20:30:05  PAGE 4


  C:0E7AH         PUBLIC        GPIOInit
  B:00A8H.1       PUBLIC        ET0
  B:0088H.5       PUBLIC        TF0
  D:008CH         PUBLIC        TH0
  D:008DH         PUBLIC        TH1
  B:0088H.4       PUBLIC        TR0
  B:0088H.6       PUBLIC        TR1
  C:0D5AH         PUBLIC        _GPIOReadPin
  X:0008H         PUBLIC        pBasicTimer
  X:0009H         PUBLIC        pCallBack
  C:0AE8H         PUBLIC        IdleProcess
  D:00C8H         PUBLIC        T2CON
  C:0B89H         PUBLIC        _GPIOWritePin
  I:0008H         PUBLIC        BasicTimer
  C:0C1BH         PUBLIC        _BasicTimerAdd
  C:0A2DH         PUBLIC        BasicTimerTick
  D:00D0H         PUBLIC        PSW
  -------         PROC          MIDDLEWAREINIT
  C:0E77H         LINE#         3
  C:0E77H         LINE#         4
  C:0E77H         LINE#         16
  -------         ENDPROC       MIDDLEWAREINIT
  -------         PROC          DRIVERINIT
  C:0E78H         LINE#         8
  C:0E78H         LINE#         9
  C:0E78H         LINE#         29
  -------         ENDPROC       DRIVERINIT
  -------         PROC          DRIVERDEINIT
  C:0E79H         LINE#         31
  C:0E79H         LINE#         32
  C:0E79H         LINE#         38
  -------         ENDPROC       DRIVERDEINIT
  -------         PROC          SYSTEMINIT
  C:0E4CH         LINE#         18
  C:0E4CH         LINE#         19
  C:0E4CH         LINE#         23
  C:0E4FH         LINE#         24
  C:0E52H         LINE#         25
  C:0E55H         LINE#         26
  C:0E58H         LINE#         27
  -------         ENDPROC       SYSTEMINIT
  -------         PROC          IDLEPROCESS
  -------         DO            
  X:0013H         SYMBOL        i
  -------         ENDDO         
  C:0AE8H         LINE#         33
  C:0AE8H         LINE#         34
  C:0AE8H         LINE#         37
  C:0AF7H         LINE#         38
  C:0AF7H         LINE#         39
  C:0B0AH         LINE#         40
  C:0B0AH         LINE#         41
  C:0B16H         LINE#         42
  C:0B16H         LINE#         43
  C:0B2EH         LINE#         44
  C:0B2EH         LINE#         48
  C:0B41H         LINE#         50
BL51 BANKED LINKER/LOCATER V6.22                                                      04/26/2019  20:30:05  PAGE 5


  C:0B53H         LINE#         51
  C:0B53H         LINE#         52
  C:0B55H         LINE#         53
  C:0B63H         LINE#         54
  C:0B63H         LINE#         58
  C:0B74H         LINE#         60
  C:0B7FH         LINE#         61
  C:0B81H         LINE#         63
  C:0B81H         LINE#         65
  C:0B81H         LINE#         66
  C:0B88H         LINE#         72
  -------         ENDPROC       IDLEPROCESS
  -------         PROC          GPIOINIT
  C:0E7AH         LINE#         10
  C:0E7AH         LINE#         11
  C:0E7AH         LINE#         12
  -------         ENDPROC       GPIOINIT
  -------         PROC          _GPIOWRITE
  D:0007H         SYMBOL        Group
  D:0005H         SYMBOL        dat
  C:0DF3H         LINE#         14
  C:0DF3H         LINE#         15
  C:0DF3H         LINE#         16
  C:0DF6H         LINE#         17
  C:0DF6H         LINE#         18
  C:0DF8H         LINE#         19
  C:0DF9H         LINE#         20
  C:0DFDH         LINE#         21
  C:0DFDH         LINE#         22
  C:0DFFH         LINE#         23
  C:0E00H         LINE#         24
  C:0E04H         LINE#         25
  C:0E04H         LINE#         26
  C:0E06H         LINE#         27
  C:0E07H         LINE#         28
  C:0E0BH         LINE#         29
  C:0E0BH         LINE#         30
  C:0E0FH         LINE#         31
  C:0E0FH         LINE#         32
  -------         ENDPROC       _GPIOWRITE
  -------         PROC          _GPIOWRITEPIN
  D:0007H         SYMBOL        Group
  D:0005H         SYMBOL        PinMask
  D:0003H         SYMBOL        Statu
  C:0B89H         LINE#         34
  C:0B89H         LINE#         35
  C:0B89H         LINE#         36
  C:0B8CH         LINE#         37
  C:0B8CH         LINE#         38
  C:0BA1H         LINE#         39
  C:0BADH         LINE#         40
  C:0BAEH         LINE#         41
  C:0BB3H         LINE#         42
  C:0BB3H         LINE#         43
  C:0BC8H         LINE#         44
  C:0BD4H         LINE#         45
  C:0BD5H         LINE#         46
BL51 BANKED LINKER/LOCATER V6.22                                                      04/26/2019  20:30:05  PAGE 6


  C:0BDAH         LINE#         47
  C:0BDAH         LINE#         48
  C:0BEFH         LINE#         49
  C:0BFBH         LINE#         50
  C:0BFCH         LINE#         51
  C:0C01H         LINE#         52
  C:0C01H         LINE#         53
  C:0C0EH         LINE#         54
  C:0C1AH         LINE#         55
  C:0C1AH         LINE#         57
  -------         ENDPROC       _GPIOWRITEPIN
  -------         PROC          _GPIOREAD
  D:0007H         SYMBOL        Group
  C:0E10H         LINE#         58
  C:0E10H         LINE#         59
  C:0E10H         LINE#         60
  C:0E13H         LINE#         61
  C:0E13H         LINE#         62
  C:0E16H         LINE#         63
  C:0E16H         LINE#         64
  C:0E1AH         LINE#         65
  C:0E1AH         LINE#         66
  C:0E1DH         LINE#         67
  C:0E1DH         LINE#         68
  C:0E21H         LINE#         69
  C:0E21H         LINE#         70
  C:0E24H         LINE#         71
  C:0E24H         LINE#         72
  C:0E28H         LINE#         73
  C:0E28H         LINE#         74
  C:0E2AH         LINE#         75
  C:0E2AH         LINE#         77
  -------         ENDPROC       _GPIOREAD
  -------         PROC          _GPIOREADPIN
  D:0006H         SYMBOL        Group
  D:0005H         SYMBOL        PinMask
  C:0D5AH         LINE#         79
  C:0D5CH         LINE#         80
  C:0D5CH         LINE#         81
  C:0D5FH         LINE#         82
  C:0D5FH         LINE#         83
  C:0D6DH         LINE#         84
  C:0D6DH         LINE#         85
  C:0D71H         LINE#         86
  C:0D71H         LINE#         87
  C:0D7FH         LINE#         88
  C:0D7FH         LINE#         89
  C:0D83H         LINE#         90
  C:0D83H         LINE#         91
  C:0D91H         LINE#         92
  C:0D91H         LINE#         93
  C:0D95H         LINE#         94
  C:0D95H         LINE#         95
  C:0DA3H         LINE#         96
  C:0DA3H         LINE#         98
  -------         ENDPROC       _GPIOREADPIN
  -------         PROC          TIMERINIT
BL51 BANKED LINKER/LOCATER V6.22                                                      04/26/2019  20:30:05  PAGE 7


  C:0E3CH         LINE#         3
  C:0E3CH         LINE#         4
  C:0E3CH         LINE#         5
  C:0E3FH         LINE#         6
  C:0E42H         LINE#         7
  C:0E45H         LINE#         8
  C:0E47H         LINE#         9
  C:0E49H         LINE#         10
  C:0E4BH         LINE#         12
  -------         ENDPROC       TIMERINIT
  -------         PROC          _TIMERSTART
  X:0000H         SYMBOL        num
  X:0001H         SYMBOL        TimeUs
  X:0003H         SYMBOL        CallBack
  C:0943H         LINE#         15
  C:0957H         LINE#         16
  C:0957H         LINE#         17
  C:0959H         LINE#         18
  C:0959H         LINE#         19
  C:095CH         LINE#         20
  C:095FH         LINE#         21
  C:098FH         LINE#         22
  C:09ADH         LINE#         23
  C:09B0H         LINE#         24
  C:09B9H         LINE#         25
  C:09B9H         LINE#         26
  C:09BCH         LINE#         27
  C:09BFH         LINE#         28
  C:09EFH         LINE#         29
  C:0A0DH         LINE#         30
  C:0A10H         LINE#         31
  C:0A10H         LINE#         33
  C:0A2CH         LINE#         34
  -------         ENDPROC       _TIMERSTART
  -------         PROC          _TIMERSTOP
  D:0007H         SYMBOL        num
  C:0E5BH         LINE#         37
  C:0E5BH         LINE#         38
  C:0E5BH         LINE#         39
  C:0E5EH         LINE#         40
  C:0E5EH         LINE#         41
  C:0E60H         LINE#         42
  C:0E65H         LINE#         43
  C:0E65H         LINE#         44
  C:0E67H         LINE#         45
  C:0E67H         LINE#         46
  -------         ENDPROC       _TIMERSTOP
  -------         PROC          TIMER0INTERRUPT
  C:0CABH         LINE#         48
  C:0CC8H         LINE#         50
  C:0CCAH         LINE#         51
  C:0CCDH         LINE#         52
  C:0CD0H         LINE#         53
  C:0CD3H         LINE#         54
  C:0CEDH         LINE#         55
  -------         ENDPROC       TIMER0INTERRUPT
  -------         PROC          TIMER1INTERRUPT
BL51 BANKED LINKER/LOCATER V6.22                                                      04/26/2019  20:30:05  PAGE 8


  C:0D08H         LINE#         57
  C:0D25H         LINE#         59
  C:0D3FH         LINE#         60
  -------         ENDPROC       TIMER1INTERRUPT
  -------         PROC          BASICTIMERINIT
  C:0DA4H         LINE#         15
  C:0DA4H         LINE#         16
  C:0DA4H         LINE#         17
  C:0DB4H         LINE#         18
  C:0DB4H         LINE#         19
  C:0DC4H         LINE#         20
  C:0DCBH         LINE#         21
  C:0DCFH         LINE#         22
  -------         ENDPROC       BASICTIMERINIT
  -------         PROC          _BASICTIMERADD
  X:0013H         SYMBOL        TimeUS
  X:0017H         SYMBOL        SingleShot
  X:0018H         SYMBOL        pCallBack
  -------         DO            
  X:001BH         SYMBOL        i
  -------         ENDDO         
  C:0C1BH         LINE#         31
  C:0C20H         LINE#         32
  C:0C20H         LINE#         34
  C:0C2DH         LINE#         35
  C:0C3FH         LINE#         36
  C:0C3FH         LINE#         37
  C:0C5AH         LINE#         38
  C:0C8EH         LINE#         39
  C:0C9EH         LINE#         40
  C:0CA1H         LINE#         41
  C:0CA8H         LINE#         42
  C:0CAAH         LINE#         43
  -------         ENDPROC       _BASICTIMERADD
  -------         PROC          _BASICTIMERDEL
  D:0007H         SYMBOL        index
  C:0E2BH         LINE#         48
  C:0E2BH         LINE#         49
  C:0E2BH         LINE#         50
  C:0E3BH         LINE#         51
  -------         ENDPROC       _BASICTIMERDEL
  -------         PROC          BASICTIMERTICK
  -------         DO            
  X:0012H         SYMBOL        i
  -------         ENDDO         
  C:0A2DH         LINE#         53
  C:0A2DH         LINE#         54
  C:0A2DH         LINE#         56
  C:0A3CH         LINE#         57
  C:0A3CH         LINE#         58
  C:0A51H         LINE#         59
  C:0A51H         LINE#         60
  C:0A69H         LINE#         61
  C:0A8EH         LINE#         62
  C:0AA2H         LINE#         65
  C:0AAEH         LINE#         66
  C:0AAEH         LINE#         67
BL51 BANKED LINKER/LOCATER V6.22                                                      04/26/2019  20:30:05  PAGE 9


  C:0AC7H         LINE#         68
  C:0AD7H         LINE#         69
  C:0AE0H         LINE#         70
  C:0AE0H         LINE#         73
  C:0AE0H         LINE#         74
  C:0AE7H         LINE#         75
  -------         ENDPROC       BASICTIMERTICK
  -------         ENDMOD        INCLUDES

  -------         MODULE        ?C_STARTUP
  C:0E68H         SEGMENT       ?C_C51STARTUP
  I:0000H         SEGMENT       ?STACK
  C:0000H         PUBLIC        ?C_STARTUP
  D:00E0H         SYMBOL        ACC
  D:00F0H         SYMBOL        B
  D:0083H         SYMBOL        DPH
  D:0082H         SYMBOL        DPL
  N:0000H         SYMBOL        IBPSTACK
  N:0100H         SYMBOL        IBPSTACKTOP
  N:0080H         SYMBOL        IDATALEN
  C:0E6BH         SYMBOL        IDATALOOP
  N:0000H         SYMBOL        PBPSTACK
  N:0100H         SYMBOL        PBPSTACKTOP
  N:0000H         SYMBOL        PDATALEN
  N:0000H         SYMBOL        PDATASTART
  N:0000H         SYMBOL        PPAGE
  N:0000H         SYMBOL        PPAGEENABLE
  D:00A0H         SYMBOL        PPAGE_SFR
  D:0081H         SYMBOL        SP
  C:0E68H         SYMBOL        STARTUP1
  N:0000H         SYMBOL        XBPSTACK
  N:0000H         SYMBOL        XBPSTACKTOP
  N:0000H         SYMBOL        XDATALEN
  N:0000H         SYMBOL        XDATASTART
  C:0000H         LINE#         126
  C:0E68H         LINE#         133
  C:0E6AH         LINE#         134
  C:0E6BH         LINE#         135
  C:0E6CH         LINE#         136
  C:0E6EH         LINE#         185
  C:0E71H         LINE#         196
  -------         ENDMOD        ?C_STARTUP

  -------         MODULE        ?C?ULDIV
  C:083CH         PUBLIC        ?C?ULDIV
  -------         ENDMOD        ?C?ULDIV

  -------         MODULE        ?C?ULCMP
  C:08CEH         PUBLIC        ?C?ULCMP
  -------         ENDMOD        ?C?ULCMP

  -------         MODULE        ?C?LLDIDATA
  C:08DFH         PUBLIC        ?C?LLDIDATA
  -------         ENDMOD        ?C?LLDIDATA

  -------         MODULE        ?C?LLDIDATA0
  C:08EBH         PUBLIC        ?C?LLDIDATA0
BL51 BANKED LINKER/LOCATER V6.22                                                      04/26/2019  20:30:05  PAGE 10


  -------         ENDMOD        ?C?LLDIDATA0

  -------         MODULE        ?C?LSTIDATA
  C:08F8H         PUBLIC        ?C?LSTIDATA
  -------         ENDMOD        ?C?LSTIDATA

  -------         MODULE        ?C?LSTPDATA
  C:0904H         PUBLIC        ?C?LSTPDATA
  -------         ENDMOD        ?C?LSTPDATA

  -------         MODULE        ?C?ICALL
  C:0910H         PUBLIC        ?C?ICALL
  C:0914H         PUBLIC        ?C?ICALL2
  -------         ENDMOD        ?C?ICALL

  -------         MODULE        ?C?LIMUL
  C:0916H         PUBLIC        ?C?LIMUL
  -------         ENDMOD        ?C?LIMUL

*** ERROR L107: ADDRESS SPACE OVERFLOW
    SPACE:   IDATA   
    SEGMENT: ?STACK
    LENGTH:  001CH

*** ERROR L107: ADDRESS SPACE OVERFLOW
    SPACE:   IDATA   
    SEGMENT: ?STACK
    LENGTH:  001CH

*** ERROR L119: REFERENCE MADE TO ERRONEOUS SEGMENT
    SEGMENT: ?C_C51STARTUP
    MODULE:  .\Objects\STARTUP.obj (?C_STARTUP)
    ADDRESS: 0E70H

******************************************************************************
* RESTRICTED VERSION WITH 0800H BYTE CODE SIZE LIMIT; USED: 0541H BYTE (65%) *
******************************************************************************

Program Size: data=132.0 xdata=28 code=1668
LINK/LOCATE RUN COMPLETE.  0 WARNING(S),  3 ERROR(S)
